\BOOKMARK [1][-]{section.1}{\376\377\137\025\212\000}{}% 1
\BOOKMARK [1][-]{section.2}{\376\377\147\120\145\231\116\016\145\271\154\325}{}% 2
\BOOKMARK [2][-]{subsection.2.1}{\376\377\145\160\143\156\147\145\156\220\116\016\145\164\124\010\173\126\165\145}{section.2}% 3
\BOOKMARK [2][-]{subsection.2.2}{\376\377\116\343\214\042\162\151\040\023\152\041\127\213\202\202\160\271\116\044\176\247\146\040\134\004}{section.2}% 4
\BOOKMARK [2][-]{subsection.2.3}{\376\377\176\246\147\137\220\032\221\317\136\163\210\141\122\006\147\220\377\010\000c\000F\000B\000A\377\011}{section.2}% 5
\BOOKMARK [2][-]{subsection.2.4}{\376\377\220\032\221\317\123\330\137\002\140\047\122\006\147\220\377\010\000F\000V\000A\377\011}{section.2}% 6
\BOOKMARK [2][-]{subsection.2.5}{\376\377\230\337\124\301\133\211\121\150\230\316\226\151\143\007\145\160}{section.2}% 7
\BOOKMARK [2][-]{subsection.2.6}{\376\377\121\150\127\372\126\340\176\304\123\125\127\372\126\340\145\162\226\144\173\133\220\011}{section.2}% 8
\BOOKMARK [2][-]{subsection.2.7}{\376\377\000F\000S\000E\000O\000F\135\345\172\013\227\166\150\007\230\204\155\113}{section.2}% 9
\BOOKMARK [2][-]{subsection.2.8}{\376\377\131\032\140\305\146\157\145\117\141\037\140\047\122\006\147\220}{section.2}% 10
\BOOKMARK [2][-]{subsection.2.9}{\376\377\000K\000E\000G\000G\220\032\215\357\211\206\166\326\122\006\147\220}{section.2}% 11
\BOOKMARK [2][-]{subsection.2.10}{\376\377\116\343\214\042\177\121\176\334\142\323\142\121\122\006\147\220}{section.2}% 12
\BOOKMARK [1][-]{section.3}{\376\377\176\323\147\234}{}% 13
\BOOKMARK [2][-]{subsection.3.1}{\376\377\0007\0006\116\052\225\032\133\232\116\343\214\042\162\151\150\145\143\245\116\343\214\042\176\304\116\016\152\041\127\213}{section.3}% 14
\BOOKMARK [2][-]{subsection.3.2}{\376\377\176\246\147\137\000F\000B\000A\143\355\171\072\176\263\214\106\123\321\221\165\116\343\214\042\220\032\221\317\121\150\214\214}{section.3}% 15
\BOOKMARK [2][-]{subsection.3.3}{\376\377\230\337\124\301\133\211\121\150\230\316\226\151\133\232\221\317\213\304\117\060}{section.3}% 16
\BOOKMARK [2][-]{subsection.3.4}{\376\377\116\247\221\317\177\072\123\343\122\006\147\220\116\016\122\237\200\375\142\020\122\006\135\345\172\013\157\134\122\233}{section.3}% 17
\BOOKMARK [2][-]{subsection.3.5}{\376\377\000F\000S\000E\000O\000F\230\204\155\113\000L\000-\176\304\154\050\221\170\116\343\214\042\135\345\172\013\227\166\150\007}{section.3}% 18
\BOOKMARK [2][-]{subsection.3.6}{\376\377\0002\0007\116\052\176\263\214\106\162\171\137\002\140\047\137\305\227\000\127\372\126\340\143\355\171\072\116\343\214\042\201\006\137\061\152\041\127\127}{section.3}% 19
\BOOKMARK [2][-]{subsection.3.7}{\376\377\116\343\214\042\177\121\176\334\142\323\142\121\162\171\137\201\116\016\225\032\133\232\116\343\214\042\162\151\147\242\176\275\127\060\117\115}{section.3}% 20
\BOOKMARK [2][-]{subsection.3.8}{\376\377\131\032\166\356\150\007\000F\000S\000E\000O\000F\142\151\134\125\377\032\121\155\171\315\122\237\200\375\140\047\154\050\127\372\221\170\166\204\152\052\124\021\135\345\172\013\227\166\150\007\153\324\217\203}{section.3}% 21
\BOOKMARK [2][-]{subsection.3.9}{\376\377\000c\000F\000B\000A\230\316\226\151\143\007\145\160\131\032\140\305\146\157\145\117\141\037\140\047\122\006\147\220}{section.3}% 22
\BOOKMARK [2][-]{subsection.3.10}{\376\377\0007\0006\116\052\225\032\133\232\116\343\214\042\162\151\166\204\000K\000E\000G\000G\220\032\215\357\211\206\166\326\122\006\147\220}{section.3}% 23
\BOOKMARK [2][-]{subsection.3.11}{\376\377\000B\000E\000S\000T\0001\0009\0005\127\372\126\340\176\304\122\006\147\220\222\164\133\232\000A\000A\000A\000D\120\031\220\011\127\372\126\340}{section.3}% 24
\BOOKMARK [2][-]{subsection.3.12}{\376\377\000G\000S\000E\0007\0002\0000\0006\0000\217\154\137\125\176\304\116\244\123\311\232\214\213\301\000F\000S\000E\000O\000F\227\166\150\007\116\016\137\305\227\000\127\372\126\340}{section.3}% 25
\BOOKMARK [1][-]{section.4}{\376\377\213\250\213\272}{}% 26
\BOOKMARK [2][-]{subsection.4.1}{\376\377\152\041\127\213\177\072\123\343\117\134\116\072\122\237\200\375\221\166\174\276\121\306\230\204\155\113\166\204\213\241\173\227\135\345\121\167}{section.4}% 27
\BOOKMARK [2][-]{subsection.4.2}{\376\377\176\263\214\106\123\321\221\165\166\204\116\343\214\042\116\343\116\367\377\032\131\032\176\246\147\137\166\204\174\373\176\337\145\110\136\224}{section.4}% 28
\BOOKMARK [2][-]{subsection.4.3}{\376\377\230\337\124\301\133\211\121\150\230\316\226\151\143\247\122\066\166\204\117\030\121\110\173\126\165\145\143\222\136\217}{section.4}% 29
\BOOKMARK [2][-]{subsection.4.4}{\376\377\000L\000-\176\304\154\050\221\170\135\345\172\013\173\126\165\145\166\204\116\343\214\042\174\373\176\337\211\306\211\322}{section.4}% 30
\BOOKMARK [2][-]{subsection.4.5}{\376\377\116\016\135\362\147\011\123\321\221\165\230\337\124\301\000G\000E\000M\170\024\172\166\166\204\153\324\217\203}{section.4}% 31
\BOOKMARK [2][-]{subsection.4.6}{\376\377\122\237\200\375\206\313\166\175\116\016\134\017\122\006\133\120\116\343\214\042\162\151\166\204\123\314\134\102\117\030\123\026\150\106\147\266\134\125\147\033}{section.4}% 32
\BOOKMARK [2][-]{subsection.4.7}{\376\377\170\024\172\166\134\100\226\120\140\047}{section.4}% 33
\BOOKMARK [1][-]{section.5}{\376\377\176\323\213\272}{}% 34
